mktextfm ptmr8t
mktextfm ptmr8t
mktextfm ptmb8t
mktextfm ptmb8t
mktextfm phvr8t
mktextfm pcrr8t
mktextfm phvb8t
mktextfm phvr8t
mktextfm ptmr8t
mktextfm ptmr8t
mktextfm ptmb8t
mktextfm ptmb8t
mktextfm phvr8t
mktextfm pcrr8t
mktextfm phvb8t
mktextfm phvr8t
mktextfm ptmr8t
mktextfm ptmr8t
mktextfm ptmb8t
mktextfm ptmb8t
mktextfm phvr8t
mktextfm pcrr8t
mktextfm phvb8t
mktextfm phvr8t
mktextfm ptmr8t
mktextfm ptmr8t
mktextfm ptmb8t
mktextfm ptmb8t
mktextfm phvr8t
mktextfm pcrr8t
mktextfm phvb8t
mktextfm phvr8t
mktextfm ptmr8t
mktextfm ptmr8t
mktextfm ptmb8t
mktextfm ptmb8t
mktextfm phvr8t
mktextfm pcrr8t
mktextfm phvb8t
mktextfm phvr8t
